COMPUTE_REDACTED:217:249 [3] NCCL INFO Transport 0 canConnect 0
COMPUTE_REDACTED:216:248 [2] NCCL INFO Transport 1 canConnect 1
COMPUTE_REDACTED:217:249 [3] NCCL INFO Transport 1 canConnect 1
COMPUTE_REDACTED:214:247 [0] NCCL INFO Could not enable P2P between dev 0(=100000) and dev 1(=200000)
COMPUTE_REDACTED:214:247 [0] NCCL INFO Transport 0 canConnect 0
COMPUTE_REDACTED:214:247 [0] NCCL INFO Transport 1 canConnect 1
COMPUTE_REDACTED:216:248 [2] NCCL INFO Channel 00 : 2[300000] -> 3[400000] via SHM/direct/direct
COMPUTE_REDACTED:216:248 [2] NCCL INFO Rank 2 selecting transport for rank 3
COMPUTE_REDACTED:216:248 [2] NCCL INFO P2P is disabled between connected GPUs 2 and 3. You can repress this message with NCCL_IGNORE_DISABLED_P2P=1.
COMPUTE_REDACTED:216:248 [2] NCCL INFO Could not enable P2P between dev 2(=300000) and dev 3(=400000)
COMPUTE_REDACTED:216:248 [2] NCCL INFO Transport 0 canConnect 0
COMPUTE_REDACTED:216:248 [2] NCCL INFO Transport 1 canConnect 1
COMPUTE_REDACTED:217:249 [3] NCCL INFO Channel 00 : 3[400000] -> 0[100000] via SHM/direct/direct
COMPUTE_REDACTED:217:249 [3] NCCL INFO Rank 3 selecting transport for rank 0
COMPUTE_REDACTED:217:249 [3] NCCL INFO P2P is disabled between connected GPUs 3 and 0. You can repress this message with NCCL_IGNORE_DISABLED_P2P=1.
COMPUTE_REDACTED:217:249 [3] NCCL INFO Could not enable P2P between dev 3(=400000) and dev 0(=100000)
COMPUTE_REDACTED:214:247 [0] NCCL INFO Channel 00 : 0[100000] -> 1[200000] via SHM/direct/direct
COMPUTE_REDACTED:214:247 [0] NCCL INFO Rank 0 selecting transport for rank 1
COMPUTE_REDACTED:214:247 [0] NCCL INFO P2P is disabled between connected GPUs 0 and 1. You can repress this message with NCCL_IGNORE_DISABLED_P2P=1.
COMPUTE_REDACTED:217:249 [3] NCCL INFO Transport 0 canConnect 0
COMPUTE_REDACTED:217:249 [3] NCCL INFO Transport 1 canConnect 1
COMPUTE_REDACTED:214:247 [0] NCCL INFO Could not enable P2P between dev 0(=100000) and dev 1(=200000)
COMPUTE_REDACTED:214:247 [0] NCCL INFO Transport 0 canConnect 0
COMPUTE_REDACTED:214:247 [0] NCCL INFO Transport 1 canConnect 1
COMPUTE_REDACTED:216:248 [2] NCCL INFO Channel 01 : 2[300000] -> 3[400000] via SHM/direct/direct
COMPUTE_REDACTED:217:249 [3] NCCL INFO Channel 01 : 3[400000] -> 0[100000] via SHM/direct/direct
COMPUTE_REDACTED:214:247 [0] NCCL INFO Channel 01 : 0[100000] -> 1[200000] via SHM/direct/direct
COMPUTE_REDACTED:217:249 [3] NCCL INFO Connected all rings
COMPUTE_REDACTED:217:249 [3] NCCL INFO Rank 3 selecting transport for rank 2
COMPUTE_REDACTED:217:249 [3] NCCL INFO P2P is disabled between connected GPUs 3 and 2. You can repress this message with NCCL_IGNORE_DISABLED_P2P=1.
COMPUTE_REDACTED:217:249 [3] NCCL INFO Could not enable P2P between dev 3(=400000) and dev 2(=300000)
COMPUTE_REDACTED:217:249 [3] NCCL INFO Transport 0 canConnect 0
COMPUTE_REDACTED:217:249 [3] NCCL INFO Transport 1 canConnect 1
COMPUTE_REDACTED:215:250 [1] NCCL INFO Connected all rings
COMPUTE_REDACTED:215:250 [1] NCCL INFO Rank 1 selecting transport for rank 2
COMPUTE_REDACTED:215:250 [1] NCCL INFO P2P is disabled between connected GPUs 1 and 2. You can repress this message with NCCL_IGNORE_DISABLED_P2P=1.
COMPUTE_REDACTED:215:250 [1] NCCL INFO Could not enable P2P between dev 1(=200000) and dev 2(=300000)
COMPUTE_REDACTED:215:250 [1] NCCL INFO Transport 0 canConnect 0
COMPUTE_REDACTED:215:250 [1] NCCL INFO Transport 1 canConnect 1
COMPUTE_REDACTED:216:248 [2] NCCL INFO Connected all rings
COMPUTE_REDACTED:216:248 [2] NCCL INFO Rank 2 selecting transport for rank 3
COMPUTE_REDACTED:216:248 [2] NCCL INFO P2P is disabled between connected GPUs 2 and 3. You can repress this message with NCCL_IGNORE_DISABLED_P2P=1.
COMPUTE_REDACTED:216:248 [2] NCCL INFO Could not enable P2P between dev 2(=300000) and dev 3(=400000)
COMPUTE_REDACTED:216:248 [2] NCCL INFO Transport 0 canConnect 0
COMPUTE_REDACTED:216:248 [2] NCCL INFO Transport 1 canConnect 1
COMPUTE_REDACTED:214:247 [0] NCCL INFO Connected all rings
COMPUTE_REDACTED:214:247 [0] NCCL INFO Rank 0 selecting transport for rank 1
COMPUTE_REDACTED:214:247 [0] NCCL INFO P2P is disabled between connected GPUs 0 and 1. You can repress this message with NCCL_IGNORE_DISABLED_P2P=1.
COMPUTE_REDACTED:214:247 [0] NCCL INFO Could not enable P2P between dev 0(=100000) and dev 1(=200000)
COMPUTE_REDACTED:214:247 [0] NCCL INFO Transport 0 canConnect 0
COMPUTE_REDACTED:214:247 [0] NCCL INFO Transport 1 canConnect 1
COMPUTE_REDACTED:217:249 [3] NCCL INFO Channel 00 : 3[400000] -> 2[300000] via SHM/direct/direct
COMPUTE_REDACTED:217:249 [3] NCCL INFO Rank 3 selecting transport for rank 2
COMPUTE_REDACTED:217:249 [3] NCCL INFO P2P is disabled between connected GPUs 3 and 2. You can repress this message with NCCL_IGNORE_DISABLED_P2P=1.
COMPUTE_REDACTED:217:249 [3] NCCL INFO Could not enable P2P between dev 3(=400000) and dev 2(=300000)
COMPUTE_REDACTED:217:249 [3] NCCL INFO Transport 0 canConnect 0
COMPUTE_REDACTED:217:249 [3] NCCL INFO Transport 1 canConnect 1
COMPUTE_REDACTED:217:249 [3] NCCL INFO Channel 01 : 3[400000] -> 2[300000] via SHM/direct/direct
COMPUTE_REDACTED:215:250 [1] NCCL INFO Rank 1 selecting transport for rank 2
COMPUTE_REDACTED:215:250 [1] NCCL INFO P2P is disabled between connected GPUs 1 and 2. You can repress this message with NCCL_IGNORE_DISABLED_P2P=1.
COMPUTE_REDACTED:215:250 [1] NCCL INFO Could not enable P2P between dev 1(=200000) and dev 2(=300000)
COMPUTE_REDACTED:215:250 [1] NCCL INFO Transport 0 canConnect 0
COMPUTE_REDACTED:215:250 [1] NCCL INFO Transport 1 canConnect 1
COMPUTE_REDACTED:214:247 [0] NCCL INFO Rank 0 selecting transport for rank 1
COMPUTE_REDACTED:214:247 [0] NCCL INFO P2P is disabled between connected GPUs 0 and 1. You can repress this message with NCCL_IGNORE_DISABLED_P2P=1.
COMPUTE_REDACTED:214:247 [0] NCCL INFO Could not enable P2P between dev 0(=100000) and dev 1(=200000)
COMPUTE_REDACTED:214:247 [0] NCCL INFO Transport 0 canConnect 0
COMPUTE_REDACTED:214:247 [0] NCCL INFO Transport 1 canConnect 1
COMPUTE_REDACTED:216:248 [2] NCCL INFO Rank 2 selecting transport for rank 3
COMPUTE_REDACTED:216:248 [2] NCCL INFO P2P is disabled between connected GPUs 2 and 3. You can repress this message with NCCL_IGNORE_DISABLED_P2P=1.
COMPUTE_REDACTED:216:248 [2] NCCL INFO Could not enable P2P between dev 2(=300000) and dev 3(=400000)
COMPUTE_REDACTED:216:248 [2] NCCL INFO Transport 0 canConnect 0
COMPUTE_REDACTED:216:248 [2] NCCL INFO Transport 1 canConnect 1
COMPUTE_REDACTED:215:250 [1] NCCL INFO Rank 1 selecting transport for rank 0
COMPUTE_REDACTED:215:250 [1] NCCL INFO P2P is disabled between connected GPUs 1 and 0. You can repress this message with NCCL_IGNORE_DISABLED_P2P=1.
COMPUTE_REDACTED:215:250 [1] NCCL INFO Could not enable P2P between dev 1(=200000) and dev 0(=100000)
COMPUTE_REDACTED:215:250 [1] NCCL INFO Transport 0 canConnect 0
COMPUTE_REDACTED:215:250 [1] NCCL INFO Transport 1 canConnect 1
COMPUTE_REDACTED:215:250 [1] NCCL INFO Channel 00 : 1[200000] -> 0[100000] via SHM/direct/direct
COMPUTE_REDACTED:215:250 [1] NCCL INFO Rank 1 selecting transport for rank 0
COMPUTE_REDACTED:215:250 [1] NCCL INFO P2P is disabled between connected GPUs 1 and 0. You can repress this message with NCCL_IGNORE_DISABLED_P2P=1.
COMPUTE_REDACTED:215:250 [1] NCCL INFO Could not enable P2P between dev 1(=200000) and dev 0(=100000)
COMPUTE_REDACTED:215:250 [1] NCCL INFO Transport 0 canConnect 0
COMPUTE_REDACTED:215:250 [1] NCCL INFO Transport 1 canConnect 1
COMPUTE_REDACTED:216:248 [2] NCCL INFO Rank 2 selecting transport for rank 1
COMPUTE_REDACTED:216:248 [2] NCCL INFO P2P is disabled between connected GPUs 2 and 1. You can repress this message with NCCL_IGNORE_DISABLED_P2P=1.
COMPUTE_REDACTED:216:248 [2] NCCL INFO Could not enable P2P between dev 2(=300000) and dev 1(=200000)
COMPUTE_REDACTED:216:248 [2] NCCL INFO Transport 0 canConnect 0
COMPUTE_REDACTED:216:248 [2] NCCL INFO Transport 1 canConnect 1
COMPUTE_REDACTED:215:250 [1] NCCL INFO Channel 01 : 1[200000] -> 0[100000] via SHM/direct/direct
COMPUTE_REDACTED:216:248 [2] NCCL INFO Channel 00 : 2[300000] -> 1[200000] via SHM/direct/direct
COMPUTE_REDACTED:216:248 [2] NCCL INFO Rank 2 selecting transport for rank 1
COMPUTE_REDACTED:216:248 [2] NCCL INFO P2P is disabled between connected GPUs 2 and 1. You can repress this message with NCCL_IGNORE_DISABLED_P2P=1.
COMPUTE_REDACTED:216:248 [2] NCCL INFO Could not enable P2P between dev 2(=300000) and dev 1(=200000)
COMPUTE_REDACTED:216:248 [2] NCCL INFO Transport 0 canConnect 0
COMPUTE_REDACTED:216:248 [2] NCCL INFO Transport 1 canConnect 1
COMPUTE_REDACTED:216:248 [2] NCCL INFO Channel 01 : 2[300000] -> 1[200000] via SHM/direct/direct
COMPUTE_REDACTED:214:247 [0] NCCL INFO Connected all trees
COMPUTE_REDACTED:214:247 [0] NCCL INFO threadThresholds 8/8/64 | 32/8/64 | 512 | 512
COMPUTE_REDACTED:214:247 [0] NCCL INFO 2 coll channels, 0 nvls channels, 2 p2p channels, 2 p2p channels per peer
COMPUTE_REDACTED:217:249 [3] NCCL INFO Connected all trees
COMPUTE_REDACTED:217:249 [3] NCCL INFO threadThresholds 8/8/64 | 32/8/64 | 512 | 512
COMPUTE_REDACTED:217:249 [3] NCCL INFO 2 coll channels, 0 nvls channels, 2 p2p channels, 2 p2p channels per peer
COMPUTE_REDACTED:215:250 [1] NCCL INFO Connected all trees
COMPUTE_REDACTED:215:250 [1] NCCL INFO threadThresholds 8/8/64 | 32/8/64 | 512 | 512
COMPUTE_REDACTED:216:248 [2] NCCL INFO Connected all trees
COMPUTE_REDACTED:215:250 [1] NCCL INFO 2 coll channels, 0 nvls channels, 2 p2p channels, 2 p2p channels per peer
COMPUTE_REDACTED:216:248 [2] NCCL INFO threadThresholds 8/8/64 | 32/8/64 | 512 | 512
COMPUTE_REDACTED:216:248 [2] NCCL INFO 2 coll channels, 0 nvls channels, 2 p2p channels, 2 p2p channels per peer
COMPUTE_REDACTED:214:247 [0] NCCL INFO MSCCL: No external scheduler found, using internal implementation
COMPUTE_REDACTED:215:250 [1] NCCL INFO MSCCL: No external scheduler found, using internal implementation
COMPUTE_REDACTED:217:249 [3] NCCL INFO MSCCL: No external scheduler found, using internal implementation
COMPUTE_REDACTED:216:248 [2] NCCL INFO MSCCL: No external scheduler found, using internal implementation
COMPUTE_REDACTED:214:247 [0] NCCL INFO MSCCL: Initialization finished
COMPUTE_REDACTED:215:250 [1] NCCL INFO MSCCL: Initialization finished
COMPUTE_REDACTED:216:248 [2] NCCL INFO MSCCL: Initialization finished
COMPUTE_REDACTED:217:249 [3] NCCL INFO MSCCL: Initialization finished
COMPUTE_REDACTED:216:248 [2] NCCL INFO comm 0x8902ab40 rank 2 nranks 4 cudaDev 2 busId 300000 commId 0x40a1d54ee43d6777 - Init COMPLETE
COMPUTE_REDACTED:214:247 [0] NCCL INFO comm 0x897bd5e0 rank 0 nranks 4 cudaDev 0 busId 100000 commId 0x40a1d54ee43d6777 - Init COMPLETE
COMPUTE_REDACTED:215:250 [1] NCCL INFO comm 0x621f57c0 rank 1 nranks 4 cudaDev 1 busId 200000 commId 0x40a1d54ee43d6777 - Init COMPLETE
COMPUTE_REDACTED:217:249 [3] NCCL INFO comm 0x73a2e9c0 rank 3 nranks 4 cudaDev 3 busId 400000 commId 0x40a1d54ee43d6777 - Init COMPLETE
  Encoder:  85,843,200 params (trainable, lr=5.0e-06)
  Probe:    14,203,392 params (trainable, lr=1.0e-04)
  Head:     2,305 params (trainable, lr=1.0e-03)
  Train: 6000 volumes  (bs=1 × 4 GPUs × 4 accum = 16 eff)
  Val:   1000 volumes

--- Training ---
/opt/conda/envs/ptca/lib/python3.8/site-packages/torch/autograd/__init__.py:197: UserWarning: Grad strides do not match bucket view strides. This may indicate grad was not created according to the gradient layout contract, or that the param's strides changed since DDP was constructed.  This is not an error, but may impair performance.
grad.sizes() = [1, 1, 768], strides() = [25344, 768, 1]
bucket_view.sizes() = [1, 1, 768], strides() = [768, 768, 1] (Triggered internally at ../torch/csrc/distributed/c10d/reducer.cpp:325.)
  Variable._execution_engine.run_backward(  # Calls into the C++ engine to run the backward pass
/opt/conda/envs/ptca/lib/python3.8/site-packages/torch/autograd/__init__.py:197: UserWarning: Grad strides do not match bucket view strides. This may indicate grad was not created according to the gradient layout contract, or that the param's strides changed since DDP was constructed.  This is not an error, but may impair performance.
grad.sizes() = [1, 1, 768], strides() = [25344, 768, 1]
bucket_view.sizes() = [1, 1, 768], strides() = [768, 768, 1] (Triggered internally at ../torch/csrc/distributed/c10d/reducer.cpp:325.)
  Variable._execution_engine.run_backward(  # Calls into the C++ engine to run the backward pass
/opt/conda/envs/ptca/lib/python3.8/site-packages/torch/autograd/__init__.py:197: UserWarning: Grad strides do not match bucket view strides. This may indicate grad was not created according to the gradient layout contract, or that the param's strides changed since DDP was constructed.  This is not an error, but may impair performance.
grad.sizes() = [1, 1, 768], strides() = [25344, 768, 1]
bucket_view.sizes() = [1, 1, 768], strides() = [768, 768, 1] (Triggered internally at ../torch/csrc/distributed/c10d/reducer.cpp:325.)
  Variable._execution_engine.run_backward(  # Calls into the C++ engine to run the backward pass
/opt/conda/envs/ptca/lib/python3.8/site-packages/torch/autograd/__init__.py:197: UserWarning: Grad strides do not match bucket view strides. This may indicate grad was not created according to the gradient layout contract, or that the param's strides changed since DDP was constructed.  This is not an error, but may impair performance.
grad.sizes() = [1, 1, 768], strides() = [25344, 768, 1]
bucket_view.sizes() = [1, 1, 768], strides() = [768, 768, 1] (Triggered internally at ../torch/csrc/distributed/c10d/reducer.cpp:325.)
  Variable._execution_engine.run_backward(  # Calls into the C++ engine to run the backward pass
Epoch  1/25 ( 1187s) | Train: 0.7075 | Val: 0.0000 | AUC: 0.5968 | LR: 1.7e-06/3.3e-05 *
Epoch  2/25 ( 1192s) | Train: 0.6846 | Val: 0.0000 | AUC: 0.6246 | LR: 3.3e-06/6.7e-05 *
Epoch  3/25 ( 1193s) | Train: 0.6703 | Val: 0.0000 | AUC: 0.6757 | LR: 5.0e-06/1.0e-04 *
Epoch  4/25 ( 1192s) | Train: 0.6424 | Val: 0.0000 | AUC: 0.7306 | LR: 5.0e-06/9.9e-05 *
Epoch  5/25 ( 1194s) | Train: 0.6049 | Val: 0.0000 | AUC: 0.7853 | LR: 4.9e-06/9.8e-05 *
Epoch  6/25 ( 1194s) | Train: 0.5533 | Val: 0.0000 | AUC: 0.7979 | LR: 4.8e-06/9.5e-05 *
Epoch  7/25 ( 1192s) | Train: 0.5618 | Val: 0.0000 | AUC: 0.7994 | LR: 4.6e-06/9.2e-05 *
Epoch  8/25 ( 1193s) | Train: 0.5271 | Val: 0.0000 | AUC: 0.8041 | LR: 4.4e-06/8.8e-05 *
Epoch  9/25 ( 1193s) | Train: 0.5152 | Val: 0.0000 | AUC: 0.8100 | LR: 4.1e-06/8.3e-05 *
Epoch 10/25 ( 1193s) | Train: 0.5039 | Val: 0.0000 | AUC: 0.8085 | LR: 3.9e-06/7.7e-05
Epoch 11/25 ( 1193s) | Train: 0.4965 | Val: 0.0000 | AUC: 0.8116 | LR: 3.5e-06/7.1e-05 *
Epoch 12/25 ( 1192s) | Train: 0.4913 | Val: 0.0000 | AUC: 0.8186 | LR: 3.2e-06/6.4e-05 *
Epoch 13/25 ( 1192s) | Train: 0.4975 | Val: 0.0000 | AUC: 0.8065 | LR: 2.9e-06/5.7e-05
Epoch 14/25 ( 1191s) | Train: 0.4654 | Val: 0.0000 | AUC: 0.8184 | LR: 2.5e-06/5.0e-05
Epoch 15/25 ( 1188s) | Train: 0.4662 | Val: 0.0000 | AUC: 0.8168 | LR: 2.1e-06/4.3e-05
Epoch 16/25 ( 1191s) | Train: 0.4524 | Val: 0.0000 | AUC: 0.8163 | LR: 1.8e-06/3.6e-05
Epoch 17/25 ( 1191s) | Train: 0.4386 | Val: 0.0000 | AUC: 0.8137 | LR: 1.5e-06/2.9e-05
Early stopping at epoch 17 (patience=5)

--- Test Evaluation ---
COMPUTE_REDACTED:215:251 [1] NCCL INFO [Service thread] Connection closed by localRank 1
COMPUTE_REDACTED:217:252 [3] NCCL INFO [Service thread] Connection closed by localRank 3
COMPUTE_REDACTED:216:253 [2] NCCL INFO [Service thread] Connection closed by localRank 2
COMPUTE_REDACTED:215:215 [1] NCCL INFO MSCCL: Teardown finished
COMPUTE_REDACTED:215:215 [1] NCCL INFO comm 0x621f57c0 rank 1 nranks 4 cudaDev 1 busId 200000 - Abort COMPLETE
COMPUTE_REDACTED:217:217 [3] NCCL INFO MSCCL: Teardown finished
COMPUTE_REDACTED:217:217 [3] NCCL INFO comm 0x73a2e9c0 rank 3 nranks 4 cudaDev 3 busId 400000 - Abort COMPLETE
COMPUTE_REDACTED:216:216 [2] NCCL INFO MSCCL: Teardown finished
COMPUTE_REDACTED:216:216 [2] NCCL INFO comm 0x8902ab40 rank 2 nranks 4 cudaDev 2 busId 300000 - Abort COMPLETE
[E ProcessGroupNCCL.cpp:821] [Rank 0] Watchdog caught collective operation timeout: WorkNCCL(SeqNum=382577, OpType=ALLGATHER, Timeout(ms)=1800000) ran for 1803209 milliseconds before timing out.
COMPUTE_REDACTED:214:254 [0] NCCL INFO [Service thread] Connection closed by localRank 0
COMPUTE_REDACTED:214:236 [0] NCCL INFO MSCCL: Teardown finished
COMPUTE_REDACTED:214:236 [0] NCCL INFO comm 0x897bd5e0 rank 0 nranks 4 cudaDev 0 busId 100000 - Abort COMPLETE
[E ProcessGroupNCCL.cpp:456] Some NCCL operations have failed or timed out. Due to the asynchronous nature of CUDA kernels, subsequent GPU operations might run on corrupted/incomplete data.
[E ProcessGroupNCCL.cpp:461] To avoid data inconsistency, we are taking the entire process down.
terminate called after throwing an instance of 'std::runtime_error'
  what():  [Rank 0] Watchdog caught collective operation timeout: WorkNCCL(SeqNum=382577, OpType=ALLGATHER, Timeout(ms)=1800000) ran for 1803209 milliseconds before timing out.
ERROR:torch.distributed.elastic.multiprocessing.api:failed (exitcode: -6) local_rank: 0 (pid: 214) of binary: /opt/conda/envs/ptca/bin/python
Traceback (most recent call last):
  File "/opt/conda/envs/ptca/bin/torchrun", line 8, in <module>
    sys.exit(main())
  File "/opt/conda/envs/ptca/lib/python3.8/site-packages/torch/distributed/elastic/multiprocessing/errors/__init__.py", line 346, in wrapper
    return f(*args, **kwargs)
  File "/opt/conda/envs/ptca/lib/python3.8/site-packages/torch/distributed/run.py", line 762, in main
    run(args)
  File "/opt/conda/envs/ptca/lib/python3.8/site-packages/torch/distributed/run.py", line 753, in run
    elastic_launch(
  File "/opt/conda/envs/ptca/lib/python3.8/site-packages/torch/distributed/launcher/api.py", line 132, in __call__
    return launch_agent(self._config, self._entrypoint, list(args))
  File "/opt/conda/envs/ptca/lib/python3.8/site-packages/torch/distributed/launcher/api.py", line 246, in launch_agent
    raise ChildFailedError(
torch.distributed.elastic.multiprocessing.errors.ChildFailedError: 
====================================================
src/eval_downstream.py FAILED
----------------------------------------------------
Failures:
  <NO_OTHER_FAILURES>
----------------------------------------------------
Root Cause (first observed failure):
[0]:
  time      : 2026-03-26_13:54:22
  host      : localhost
  rank      : 0 (local_rank: 0)
  exitcode  : -6 (pid: 214)
  error_file: <N/A>
  traceback : Signal 6 (SIGABRT) received by PID 214
====================================================
