COMPUTE_REDACTED:216:251 [0] NCCL INFO Channel 01 : 0[100000] -> 1[200000] via SHM/direct/direct
COMPUTE_REDACTED:218:249 [2] NCCL INFO Rank 2 selecting transport for rank 3
COMPUTE_REDACTED:218:249 [2] NCCL INFO P2P is disabled between connected GPUs 2 and 3. You can repress this message with NCCL_IGNORE_DISABLED_P2P=1.
COMPUTE_REDACTED:218:249 [2] NCCL INFO Could not enable P2P between dev 2(=300000) and dev 3(=400000)
COMPUTE_REDACTED:218:249 [2] NCCL INFO Transport 0 canConnect 0
COMPUTE_REDACTED:218:249 [2] NCCL INFO Transport 1 canConnect 1
COMPUTE_REDACTED:217:252 [1] NCCL INFO Channel 01 : 1[200000] -> 2[300000] via SHM/direct/direct
COMPUTE_REDACTED:218:249 [2] NCCL INFO Channel 00 : 2[300000] -> 3[400000] via SHM/direct/direct
COMPUTE_REDACTED:218:249 [2] NCCL INFO Rank 2 selecting transport for rank 3
COMPUTE_REDACTED:218:249 [2] NCCL INFO P2P is disabled between connected GPUs 2 and 3. You can repress this message with NCCL_IGNORE_DISABLED_P2P=1.
COMPUTE_REDACTED:218:249 [2] NCCL INFO Could not enable P2P between dev 2(=300000) and dev 3(=400000)
COMPUTE_REDACTED:218:249 [2] NCCL INFO Transport 0 canConnect 0
COMPUTE_REDACTED:218:249 [2] NCCL INFO Transport 1 canConnect 1
COMPUTE_REDACTED:219:250 [3] NCCL INFO Rank 3 selecting transport for rank 0
COMPUTE_REDACTED:219:250 [3] NCCL INFO P2P is disabled between connected GPUs 3 and 0. You can repress this message with NCCL_IGNORE_DISABLED_P2P=1.
COMPUTE_REDACTED:219:250 [3] NCCL INFO Could not enable P2P between dev 3(=400000) and dev 0(=100000)
COMPUTE_REDACTED:219:250 [3] NCCL INFO Transport 0 canConnect 0
COMPUTE_REDACTED:219:250 [3] NCCL INFO Transport 1 canConnect 1
COMPUTE_REDACTED:218:249 [2] NCCL INFO Channel 01 : 2[300000] -> 3[400000] via SHM/direct/direct
COMPUTE_REDACTED:219:250 [3] NCCL INFO Channel 00 : 3[400000] -> 0[100000] via SHM/direct/direct
COMPUTE_REDACTED:219:250 [3] NCCL INFO Rank 3 selecting transport for rank 0
COMPUTE_REDACTED:219:250 [3] NCCL INFO P2P is disabled between connected GPUs 3 and 0. You can repress this message with NCCL_IGNORE_DISABLED_P2P=1.
COMPUTE_REDACTED:219:250 [3] NCCL INFO Could not enable P2P between dev 3(=400000) and dev 0(=100000)
COMPUTE_REDACTED:219:250 [3] NCCL INFO Transport 0 canConnect 0
COMPUTE_REDACTED:219:250 [3] NCCL INFO Transport 1 canConnect 1
COMPUTE_REDACTED:219:250 [3] NCCL INFO Channel 01 : 3[400000] -> 0[100000] via SHM/direct/direct
COMPUTE_REDACTED:217:252 [1] NCCL INFO Connected all rings
COMPUTE_REDACTED:217:252 [1] NCCL INFO Rank 1 selecting transport for rank 2
COMPUTE_REDACTED:217:252 [1] NCCL INFO P2P is disabled between connected GPUs 1 and 2. You can repress this message with NCCL_IGNORE_DISABLED_P2P=1.
COMPUTE_REDACTED:217:252 [1] NCCL INFO Could not enable P2P between dev 1(=200000) and dev 2(=300000)
COMPUTE_REDACTED:217:252 [1] NCCL INFO Transport 0 canConnect 0
COMPUTE_REDACTED:217:252 [1] NCCL INFO Transport 1 canConnect 1
COMPUTE_REDACTED:218:249 [2] NCCL INFO Connected all rings
COMPUTE_REDACTED:218:249 [2] NCCL INFO Rank 2 selecting transport for rank 3
COMPUTE_REDACTED:218:249 [2] NCCL INFO P2P is disabled between connected GPUs 2 and 3. You can repress this message with NCCL_IGNORE_DISABLED_P2P=1.
COMPUTE_REDACTED:218:249 [2] NCCL INFO Could not enable P2P between dev 2(=300000) and dev 3(=400000)
COMPUTE_REDACTED:218:249 [2] NCCL INFO Transport 0 canConnect 0
COMPUTE_REDACTED:218:249 [2] NCCL INFO Transport 1 canConnect 1
COMPUTE_REDACTED:219:250 [3] NCCL INFO Connected all rings
COMPUTE_REDACTED:219:250 [3] NCCL INFO Rank 3 selecting transport for rank 2
COMPUTE_REDACTED:219:250 [3] NCCL INFO P2P is disabled between connected GPUs 3 and 2. You can repress this message with NCCL_IGNORE_DISABLED_P2P=1.
COMPUTE_REDACTED:219:250 [3] NCCL INFO Could not enable P2P between dev 3(=400000) and dev 2(=300000)
COMPUTE_REDACTED:219:250 [3] NCCL INFO Transport 0 canConnect 0
COMPUTE_REDACTED:219:250 [3] NCCL INFO Transport 1 canConnect 1
COMPUTE_REDACTED:216:251 [0] NCCL INFO Connected all rings
COMPUTE_REDACTED:216:251 [0] NCCL INFO Rank 0 selecting transport for rank 1
COMPUTE_REDACTED:216:251 [0] NCCL INFO P2P is disabled between connected GPUs 0 and 1. You can repress this message with NCCL_IGNORE_DISABLED_P2P=1.
COMPUTE_REDACTED:216:251 [0] NCCL INFO Could not enable P2P between dev 0(=100000) and dev 1(=200000)
COMPUTE_REDACTED:216:251 [0] NCCL INFO Transport 0 canConnect 0
COMPUTE_REDACTED:216:251 [0] NCCL INFO Transport 1 canConnect 1
COMPUTE_REDACTED:219:250 [3] NCCL INFO Channel 00 : 3[400000] -> 2[300000] via SHM/direct/direct
COMPUTE_REDACTED:219:250 [3] NCCL INFO Rank 3 selecting transport for rank 2
COMPUTE_REDACTED:219:250 [3] NCCL INFO P2P is disabled between connected GPUs 3 and 2. You can repress this message with NCCL_IGNORE_DISABLED_P2P=1.
COMPUTE_REDACTED:219:250 [3] NCCL INFO Could not enable P2P between dev 3(=400000) and dev 2(=300000)
COMPUTE_REDACTED:219:250 [3] NCCL INFO Transport 0 canConnect 0
COMPUTE_REDACTED:219:250 [3] NCCL INFO Transport 1 canConnect 1
COMPUTE_REDACTED:219:250 [3] NCCL INFO Channel 01 : 3[400000] -> 2[300000] via SHM/direct/direct
COMPUTE_REDACTED:217:252 [1] NCCL INFO Rank 1 selecting transport for rank 2
COMPUTE_REDACTED:216:251 [0] NCCL INFO Rank 0 selecting transport for rank 1
COMPUTE_REDACTED:218:249 [2] NCCL INFO Rank 2 selecting transport for rank 3
COMPUTE_REDACTED:216:251 [0] NCCL INFO P2P is disabled between connected GPUs 0 and 1. You can repress this message with NCCL_IGNORE_DISABLED_P2P=1.
COMPUTE_REDACTED:218:249 [2] NCCL INFO P2P is disabled between connected GPUs 2 and 3. You can repress this message with NCCL_IGNORE_DISABLED_P2P=1.
COMPUTE_REDACTED:217:252 [1] NCCL INFO P2P is disabled between connected GPUs 1 and 2. You can repress this message with NCCL_IGNORE_DISABLED_P2P=1.
COMPUTE_REDACTED:218:249 [2] NCCL INFO Could not enable P2P between dev 2(=300000) and dev 3(=400000)
COMPUTE_REDACTED:216:251 [0] NCCL INFO Could not enable P2P between dev 0(=100000) and dev 1(=200000)
COMPUTE_REDACTED:218:249 [2] NCCL INFO Transport 0 canConnect 0
COMPUTE_REDACTED:216:251 [0] NCCL INFO Transport 0 canConnect 0
COMPUTE_REDACTED:218:249 [2] NCCL INFO Transport 1 canConnect 1
COMPUTE_REDACTED:216:251 [0] NCCL INFO Transport 1 canConnect 1
COMPUTE_REDACTED:217:252 [1] NCCL INFO Could not enable P2P between dev 1(=200000) and dev 2(=300000)
COMPUTE_REDACTED:217:252 [1] NCCL INFO Transport 0 canConnect 0
COMPUTE_REDACTED:217:252 [1] NCCL INFO Transport 1 canConnect 1
COMPUTE_REDACTED:217:252 [1] NCCL INFO Rank 1 selecting transport for rank 0
COMPUTE_REDACTED:218:249 [2] NCCL INFO Rank 2 selecting transport for rank 1
COMPUTE_REDACTED:217:252 [1] NCCL INFO P2P is disabled between connected GPUs 1 and 0. You can repress this message with NCCL_IGNORE_DISABLED_P2P=1.
COMPUTE_REDACTED:218:249 [2] NCCL INFO P2P is disabled between connected GPUs 2 and 1. You can repress this message with NCCL_IGNORE_DISABLED_P2P=1.
COMPUTE_REDACTED:217:252 [1] NCCL INFO Could not enable P2P between dev 1(=200000) and dev 0(=100000)
COMPUTE_REDACTED:218:249 [2] NCCL INFO Could not enable P2P between dev 2(=300000) and dev 1(=200000)
COMPUTE_REDACTED:218:249 [2] NCCL INFO Transport 0 canConnect 0
COMPUTE_REDACTED:218:249 [2] NCCL INFO Transport 1 canConnect 1
COMPUTE_REDACTED:217:252 [1] NCCL INFO Transport 0 canConnect 0
COMPUTE_REDACTED:217:252 [1] NCCL INFO Transport 1 canConnect 1
COMPUTE_REDACTED:218:249 [2] NCCL INFO Channel 00 : 2[300000] -> 1[200000] via SHM/direct/direct
COMPUTE_REDACTED:218:249 [2] NCCL INFO Rank 2 selecting transport for rank 1
COMPUTE_REDACTED:218:249 [2] NCCL INFO P2P is disabled between connected GPUs 2 and 1. You can repress this message with NCCL_IGNORE_DISABLED_P2P=1.
COMPUTE_REDACTED:217:252 [1] NCCL INFO Channel 00 : 1[200000] -> 0[100000] via SHM/direct/direct
COMPUTE_REDACTED:217:252 [1] NCCL INFO Rank 1 selecting transport for rank 0
COMPUTE_REDACTED:217:252 [1] NCCL INFO P2P is disabled between connected GPUs 1 and 0. You can repress this message with NCCL_IGNORE_DISABLED_P2P=1.
COMPUTE_REDACTED:218:249 [2] NCCL INFO Could not enable P2P between dev 2(=300000) and dev 1(=200000)
COMPUTE_REDACTED:218:249 [2] NCCL INFO Transport 0 canConnect 0
COMPUTE_REDACTED:217:252 [1] NCCL INFO Could not enable P2P between dev 1(=200000) and dev 0(=100000)
COMPUTE_REDACTED:218:249 [2] NCCL INFO Transport 1 canConnect 1
COMPUTE_REDACTED:217:252 [1] NCCL INFO Transport 0 canConnect 0
COMPUTE_REDACTED:217:252 [1] NCCL INFO Transport 1 canConnect 1
COMPUTE_REDACTED:218:249 [2] NCCL INFO Channel 01 : 2[300000] -> 1[200000] via SHM/direct/direct
COMPUTE_REDACTED:217:252 [1] NCCL INFO Channel 01 : 1[200000] -> 0[100000] via SHM/direct/direct
COMPUTE_REDACTED:216:251 [0] NCCL INFO Connected all trees
COMPUTE_REDACTED:216:251 [0] NCCL INFO threadThresholds 8/8/64 | 32/8/64 | 512 | 512
COMPUTE_REDACTED:216:251 [0] NCCL INFO 2 coll channels, 0 nvls channels, 2 p2p channels, 2 p2p channels per peer
COMPUTE_REDACTED:219:250 [3] NCCL INFO Connected all trees
COMPUTE_REDACTED:219:250 [3] NCCL INFO threadThresholds 8/8/64 | 32/8/64 | 512 | 512
COMPUTE_REDACTED:219:250 [3] NCCL INFO 2 coll channels, 0 nvls channels, 2 p2p channels, 2 p2p channels per peer
COMPUTE_REDACTED:218:249 [2] NCCL INFO Connected all trees
COMPUTE_REDACTED:218:249 [2] NCCL INFO threadThresholds 8/8/64 | 32/8/64 | 512 | 512
COMPUTE_REDACTED:218:249 [2] NCCL INFO 2 coll channels, 0 nvls channels, 2 p2p channels, 2 p2p channels per peer
COMPUTE_REDACTED:217:252 [1] NCCL INFO Connected all trees
COMPUTE_REDACTED:217:252 [1] NCCL INFO threadThresholds 8/8/64 | 32/8/64 | 512 | 512
COMPUTE_REDACTED:217:252 [1] NCCL INFO 2 coll channels, 0 nvls channels, 2 p2p channels, 2 p2p channels per peer
COMPUTE_REDACTED:218:249 [2] NCCL INFO MSCCL: No external scheduler found, using internal implementation
COMPUTE_REDACTED:217:252 [1] NCCL INFO MSCCL: No external scheduler found, using internal implementation
COMPUTE_REDACTED:216:251 [0] NCCL INFO MSCCL: No external scheduler found, using internal implementation
COMPUTE_REDACTED:219:250 [3] NCCL INFO MSCCL: No external scheduler found, using internal implementation
COMPUTE_REDACTED:218:249 [2] NCCL INFO MSCCL: Initialization finished
COMPUTE_REDACTED:219:250 [3] NCCL INFO MSCCL: Initialization finished
COMPUTE_REDACTED:217:252 [1] NCCL INFO MSCCL: Initialization finished
COMPUTE_REDACTED:216:251 [0] NCCL INFO MSCCL: Initialization finished
COMPUTE_REDACTED:219:250 [3] NCCL INFO comm 0x89864e80 rank 3 nranks 4 cudaDev 3 busId 400000 commId 0x7f58b6e517a64473 - Init COMPLETE
COMPUTE_REDACTED:217:252 [1] NCCL INFO comm 0x84a64de0 rank 1 nranks 4 cudaDev 1 busId 200000 commId 0x7f58b6e517a64473 - Init COMPLETE
COMPUTE_REDACTED:218:249 [2] NCCL INFO comm 0x8071c280 rank 2 nranks 4 cudaDev 2 busId 300000 commId 0x7f58b6e517a64473 - Init COMPLETE
COMPUTE_REDACTED:216:251 [0] NCCL INFO comm 0x6b5d5ed0 rank 0 nranks 4 cudaDev 0 busId 100000 commId 0x7f58b6e517a64473 - Init COMPLETE
  Encoder:  85,843,200 params (trainable, lr=5.0e-06)
  Probe:    14,203,392 params (trainable, lr=1.0e-04)
  Head:     198,657 params (trainable, lr=1.0e-03)
  Train: 6000 volumes  (bs=1 × 4 GPUs × 4 accum = 16 eff)
  Val:   1000 volumes

--- Training ---
/opt/conda/envs/ptca/lib/python3.8/site-packages/torch/autograd/__init__.py:197: UserWarning: Grad strides do not match bucket view strides. This may indicate grad was not created according to the gradient layout contract, or that the param's strides changed since DDP was constructed.  This is not an error, but may impair performance.
grad.sizes() = [1, 1, 768], strides() = [25344, 768, 1]
bucket_view.sizes() = [1, 1, 768], strides() = [768, 768, 1] (Triggered internally at ../torch/csrc/distributed/c10d/reducer.cpp:325.)
  Variable._execution_engine.run_backward(  # Calls into the C++ engine to run the backward pass
/opt/conda/envs/ptca/lib/python3.8/site-packages/torch/autograd/__init__.py:197: UserWarning: Grad strides do not match bucket view strides. This may indicate grad was not created according to the gradient layout contract, or that the param's strides changed since DDP was constructed.  This is not an error, but may impair performance.
grad.sizes() = [1, 1, 768], strides() = [25344, 768, 1]
bucket_view.sizes() = [1, 1, 768], strides() = [768, 768, 1] (Triggered internally at ../torch/csrc/distributed/c10d/reducer.cpp:325.)
  Variable._execution_engine.run_backward(  # Calls into the C++ engine to run the backward pass
/opt/conda/envs/ptca/lib/python3.8/site-packages/torch/autograd/__init__.py:197: UserWarning: Grad strides do not match bucket view strides. This may indicate grad was not created according to the gradient layout contract, or that the param's strides changed since DDP was constructed.  This is not an error, but may impair performance.
grad.sizes() = [1, 1, 768], strides() = [25344, 768, 1]
bucket_view.sizes() = [1, 1, 768], strides() = [768, 768, 1] (Triggered internally at ../torch/csrc/distributed/c10d/reducer.cpp:325.)
  Variable._execution_engine.run_backward(  # Calls into the C++ engine to run the backward pass
/opt/conda/envs/ptca/lib/python3.8/site-packages/torch/autograd/__init__.py:197: UserWarning: Grad strides do not match bucket view strides. This may indicate grad was not created according to the gradient layout contract, or that the param's strides changed since DDP was constructed.  This is not an error, but may impair performance.
grad.sizes() = [1, 1, 768], strides() = [25344, 768, 1]
bucket_view.sizes() = [1, 1, 768], strides() = [768, 768, 1] (Triggered internally at ../torch/csrc/distributed/c10d/reducer.cpp:325.)
  Variable._execution_engine.run_backward(  # Calls into the C++ engine to run the backward pass
Epoch  1/25 ( 1070s) | Train: 0.6849 | Val: 0.6430 | AUC: 0.6800 | LR: 1.7e-06/3.3e-05 *
Epoch  2/25 ( 1069s) | Train: 0.6521 | Val: 0.6331 | AUC: 0.7106 | LR: 3.3e-06/6.7e-05 *
Epoch  3/25 ( 1071s) | Train: 0.6357 | Val: 0.7265 | AUC: 0.6010 | LR: 5.0e-06/1.0e-04
Epoch  4/25 ( 1073s) | Train: 0.5906 | Val: 0.6124 | AUC: 0.8045 | LR: 5.0e-06/9.9e-05 *
Epoch  5/25 ( 1071s) | Train: 0.5760 | Val: 0.5294 | AUC: 0.8078 | LR: 4.9e-06/9.8e-05 *
Epoch  6/25 ( 1071s) | Train: 0.5535 | Val: 0.5517 | AUC: 0.8108 | LR: 4.8e-06/9.5e-05 *
Epoch  7/25 ( 1070s) | Train: 0.5711 | Val: 0.5203 | AUC: 0.8166 | LR: 4.6e-06/9.2e-05 *
Epoch  8/25 ( 1070s) | Train: 0.5371 | Val: 0.5192 | AUC: 0.8161 | LR: 4.4e-06/8.8e-05
Epoch  9/25 ( 1071s) | Train: 0.5186 | Val: 0.5744 | AUC: 0.8215 | LR: 4.1e-06/8.3e-05 *
Epoch 10/25 ( 1070s) | Train: 0.5087 | Val: 0.5044 | AUC: 0.8216 | LR: 3.9e-06/7.7e-05 *
Epoch 11/25 ( 1070s) | Train: 0.5042 | Val: 0.5343 | AUC: 0.8247 | LR: 3.5e-06/7.1e-05 *
Epoch 12/25 ( 1071s) | Train: 0.5107 | Val: 0.5057 | AUC: 0.8253 | LR: 3.2e-06/6.4e-05 *
Epoch 13/25 ( 1070s) | Train: 0.5179 | Val: 0.5012 | AUC: 0.8246 | LR: 2.9e-06/5.7e-05
Epoch 14/25 ( 1070s) | Train: 0.4800 | Val: 0.5170 | AUC: 0.8249 | LR: 2.5e-06/5.0e-05
Epoch 15/25 ( 1069s) | Train: 0.4895 | Val: 0.5095 | AUC: 0.8260 | LR: 2.1e-06/4.3e-05 *
Epoch 16/25 ( 1069s) | Train: 0.4713 | Val: 0.5163 | AUC: 0.8249 | LR: 1.8e-06/3.6e-05
Epoch 17/25 ( 1070s) | Train: 0.4716 | Val: 0.5054 | AUC: 0.8250 | LR: 1.5e-06/2.9e-05
Epoch 18/25 ( 1070s) | Train: 0.4487 | Val: 0.5166 | AUC: 0.8233 | LR: 1.1e-06/2.3e-05
Epoch 19/25 ( 1069s) | Train: 0.4319 | Val: 0.5284 | AUC: 0.8195 | LR: 8.6e-07/1.7e-05
Epoch 20/25 ( 1069s) | Train: 0.4404 | Val: 0.5123 | AUC: 0.8198 | LR: 6.1e-07/1.2e-05
Early stopping at epoch 20 (patience=5)

--- Test Evaluation ---
COMPUTE_REDACTED:219:256 [3] NCCL INFO [Service thread] Connection closed by localRank 3
COMPUTE_REDACTED:217:253 [1] NCCL INFO [Service thread] Connection closed by localRank 1
COMPUTE_REDACTED:218:255 [2] NCCL INFO [Service thread] Connection closed by localRank 2
COMPUTE_REDACTED:219:219 [3] NCCL INFO MSCCL: Teardown finished
COMPUTE_REDACTED:219:219 [3] NCCL INFO comm 0x89864e80 rank 3 nranks 4 cudaDev 3 busId 400000 - Abort COMPLETE
COMPUTE_REDACTED:217:217 [1] NCCL INFO MSCCL: Teardown finished
COMPUTE_REDACTED:217:217 [1] NCCL INFO comm 0x84a64de0 rank 1 nranks 4 cudaDev 1 busId 200000 - Abort COMPLETE
COMPUTE_REDACTED:218:218 [2] NCCL INFO MSCCL: Teardown finished
COMPUTE_REDACTED:218:218 [2] NCCL INFO comm 0x8071c280 rank 2 nranks 4 cudaDev 2 busId 300000 - Abort COMPLETE
Best epoch: 15  |  Val AUC: 0.8260  |  TEST AUC: 0.8285

Results saved to /tmp/ijepa_outputs/downstream_patch_s32_ep25_bs1_mlp_20260407_042850
  best_val_auc = 0.8260
  test_auc     = 0.8285
  (SLIViT baseline: 0.869, frozen probe: 0.733)
COMPUTE_REDACTED:216:254 [0] NCCL INFO [Service thread] Connection closed by localRank 0
COMPUTE_REDACTED:216:216 [0] NCCL INFO MSCCL: Teardown finished
COMPUTE_REDACTED:216:216 [0] NCCL INFO comm 0x6b5d5ed0 rank 0 nranks 4 cudaDev 0 busId 100000 - Abort COMPLETE
