COMPUTE_REDACTED:217:249 [2] NCCL INFO P2P is disabled between connected GPUs 2 and 3. You can repress this message with NCCL_IGNORE_DISABLED_P2P=1.
COMPUTE_REDACTED:217:249 [2] NCCL INFO Could not enable P2P between dev 2(=300000) and dev 3(=400000)
COMPUTE_REDACTED:217:249 [2] NCCL INFO Transport 0 canConnect 0
COMPUTE_REDACTED:217:249 [2] NCCL INFO Transport 1 canConnect 1
COMPUTE_REDACTED:218:250 [3] NCCL INFO Channel 00 : 3[400000] -> 0[100000] via SHM/direct/direct
COMPUTE_REDACTED:218:250 [3] NCCL INFO Rank 3 selecting transport for rank 0
COMPUTE_REDACTED:218:250 [3] NCCL INFO P2P is disabled between connected GPUs 3 and 0. You can repress this message with NCCL_IGNORE_DISABLED_P2P=1.
COMPUTE_REDACTED:218:250 [3] NCCL INFO Could not enable P2P between dev 3(=400000) and dev 0(=100000)
COMPUTE_REDACTED:218:250 [3] NCCL INFO Transport 0 canConnect 0
COMPUTE_REDACTED:218:250 [3] NCCL INFO Transport 1 canConnect 1
COMPUTE_REDACTED:216:251 [1] NCCL INFO Channel 00 : 1[200000] -> 2[300000] via SHM/direct/direct
COMPUTE_REDACTED:216:251 [1] NCCL INFO Rank 1 selecting transport for rank 2
COMPUTE_REDACTED:216:251 [1] NCCL INFO P2P is disabled between connected GPUs 1 and 2. You can repress this message with NCCL_IGNORE_DISABLED_P2P=1.
COMPUTE_REDACTED:216:251 [1] NCCL INFO Could not enable P2P between dev 1(=200000) and dev 2(=300000)
COMPUTE_REDACTED:216:251 [1] NCCL INFO Transport 0 canConnect 0
COMPUTE_REDACTED:216:251 [1] NCCL INFO Transport 1 canConnect 1
COMPUTE_REDACTED:217:249 [2] NCCL INFO Channel 00 : 2[300000] -> 3[400000] via SHM/direct/direct
COMPUTE_REDACTED:217:249 [2] NCCL INFO Rank 2 selecting transport for rank 3
COMPUTE_REDACTED:217:249 [2] NCCL INFO P2P is disabled between connected GPUs 2 and 3. You can repress this message with NCCL_IGNORE_DISABLED_P2P=1.
COMPUTE_REDACTED:217:249 [2] NCCL INFO Could not enable P2P between dev 2(=300000) and dev 3(=400000)
COMPUTE_REDACTED:217:249 [2] NCCL INFO Transport 0 canConnect 0
COMPUTE_REDACTED:217:249 [2] NCCL INFO Transport 1 canConnect 1
COMPUTE_REDACTED:218:250 [3] NCCL INFO Channel 01 : 3[400000] -> 0[100000] via SHM/direct/direct
COMPUTE_REDACTED:216:251 [1] NCCL INFO Channel 01 : 1[200000] -> 2[300000] via SHM/direct/direct
COMPUTE_REDACTED:217:249 [2] NCCL INFO Channel 01 : 2[300000] -> 3[400000] via SHM/direct/direct
COMPUTE_REDACTED:215:248 [0] NCCL INFO Connected all rings
COMPUTE_REDACTED:215:248 [0] NCCL INFO Rank 0 selecting transport for rank 1
COMPUTE_REDACTED:215:248 [0] NCCL INFO P2P is disabled between connected GPUs 0 and 1. You can repress this message with NCCL_IGNORE_DISABLED_P2P=1.
COMPUTE_REDACTED:218:250 [3] NCCL INFO Connected all rings
COMPUTE_REDACTED:215:248 [0] NCCL INFO Could not enable P2P between dev 0(=100000) and dev 1(=200000)
COMPUTE_REDACTED:218:250 [3] NCCL INFO Rank 3 selecting transport for rank 2
COMPUTE_REDACTED:215:248 [0] NCCL INFO Transport 0 canConnect 0
COMPUTE_REDACTED:215:248 [0] NCCL INFO Transport 1 canConnect 1
COMPUTE_REDACTED:218:250 [3] NCCL INFO P2P is disabled between connected GPUs 3 and 2. You can repress this message with NCCL_IGNORE_DISABLED_P2P=1.
COMPUTE_REDACTED:218:250 [3] NCCL INFO Could not enable P2P between dev 3(=400000) and dev 2(=300000)
COMPUTE_REDACTED:218:250 [3] NCCL INFO Transport 0 canConnect 0
COMPUTE_REDACTED:218:250 [3] NCCL INFO Transport 1 canConnect 1
COMPUTE_REDACTED:216:251 [1] NCCL INFO Connected all rings
COMPUTE_REDACTED:216:251 [1] NCCL INFO Rank 1 selecting transport for rank 2
COMPUTE_REDACTED:216:251 [1] NCCL INFO P2P is disabled between connected GPUs 1 and 2. You can repress this message with NCCL_IGNORE_DISABLED_P2P=1.
COMPUTE_REDACTED:216:251 [1] NCCL INFO Could not enable P2P between dev 1(=200000) and dev 2(=300000)
COMPUTE_REDACTED:216:251 [1] NCCL INFO Transport 0 canConnect 0
COMPUTE_REDACTED:216:251 [1] NCCL INFO Transport 1 canConnect 1
COMPUTE_REDACTED:217:249 [2] NCCL INFO Connected all rings
COMPUTE_REDACTED:217:249 [2] NCCL INFO Rank 2 selecting transport for rank 3
COMPUTE_REDACTED:217:249 [2] NCCL INFO P2P is disabled between connected GPUs 2 and 3. You can repress this message with NCCL_IGNORE_DISABLED_P2P=1.
COMPUTE_REDACTED:217:249 [2] NCCL INFO Could not enable P2P between dev 2(=300000) and dev 3(=400000)
COMPUTE_REDACTED:217:249 [2] NCCL INFO Transport 0 canConnect 0
COMPUTE_REDACTED:217:249 [2] NCCL INFO Transport 1 canConnect 1
COMPUTE_REDACTED:218:250 [3] NCCL INFO Channel 00 : 3[400000] -> 2[300000] via SHM/direct/direct
COMPUTE_REDACTED:218:250 [3] NCCL INFO Rank 3 selecting transport for rank 2
COMPUTE_REDACTED:218:250 [3] NCCL INFO P2P is disabled between connected GPUs 3 and 2. You can repress this message with NCCL_IGNORE_DISABLED_P2P=1.
COMPUTE_REDACTED:218:250 [3] NCCL INFO Could not enable P2P between dev 3(=400000) and dev 2(=300000)
COMPUTE_REDACTED:218:250 [3] NCCL INFO Transport 0 canConnect 0
COMPUTE_REDACTED:218:250 [3] NCCL INFO Transport 1 canConnect 1
COMPUTE_REDACTED:218:250 [3] NCCL INFO Channel 01 : 3[400000] -> 2[300000] via SHM/direct/direct
COMPUTE_REDACTED:216:251 [1] NCCL INFO Rank 1 selecting transport for rank 2
COMPUTE_REDACTED:215:248 [0] NCCL INFO Rank 0 selecting transport for rank 1
COMPUTE_REDACTED:216:251 [1] NCCL INFO P2P is disabled between connected GPUs 1 and 2. You can repress this message with NCCL_IGNORE_DISABLED_P2P=1.
COMPUTE_REDACTED:217:249 [2] NCCL INFO Rank 2 selecting transport for rank 3
COMPUTE_REDACTED:216:251 [1] NCCL INFO Could not enable P2P between dev 1(=200000) and dev 2(=300000)
COMPUTE_REDACTED:215:248 [0] NCCL INFO P2P is disabled between connected GPUs 0 and 1. You can repress this message with NCCL_IGNORE_DISABLED_P2P=1.
COMPUTE_REDACTED:216:251 [1] NCCL INFO Transport 0 canConnect 0
COMPUTE_REDACTED:217:249 [2] NCCL INFO P2P is disabled between connected GPUs 2 and 3. You can repress this message with NCCL_IGNORE_DISABLED_P2P=1.
COMPUTE_REDACTED:216:251 [1] NCCL INFO Transport 1 canConnect 1
COMPUTE_REDACTED:215:248 [0] NCCL INFO Could not enable P2P between dev 0(=100000) and dev 1(=200000)
COMPUTE_REDACTED:215:248 [0] NCCL INFO Transport 0 canConnect 0
COMPUTE_REDACTED:215:248 [0] NCCL INFO Transport 1 canConnect 1
COMPUTE_REDACTED:217:249 [2] NCCL INFO Could not enable P2P between dev 2(=300000) and dev 3(=400000)
COMPUTE_REDACTED:217:249 [2] NCCL INFO Transport 0 canConnect 0
COMPUTE_REDACTED:217:249 [2] NCCL INFO Transport 1 canConnect 1
COMPUTE_REDACTED:217:249 [2] NCCL INFO Rank 2 selecting transport for rank 1
COMPUTE_REDACTED:216:251 [1] NCCL INFO Rank 1 selecting transport for rank 0
COMPUTE_REDACTED:216:251 [1] NCCL INFO P2P is disabled between connected GPUs 1 and 0. You can repress this message with NCCL_IGNORE_DISABLED_P2P=1.
COMPUTE_REDACTED:216:251 [1] NCCL INFO Could not enable P2P between dev 1(=200000) and dev 0(=100000)
COMPUTE_REDACTED:216:251 [1] NCCL INFO Transport 0 canConnect 0
COMPUTE_REDACTED:216:251 [1] NCCL INFO Transport 1 canConnect 1
COMPUTE_REDACTED:217:249 [2] NCCL INFO P2P is disabled between connected GPUs 2 and 1. You can repress this message with NCCL_IGNORE_DISABLED_P2P=1.
COMPUTE_REDACTED:217:249 [2] NCCL INFO Could not enable P2P between dev 2(=300000) and dev 1(=200000)
COMPUTE_REDACTED:217:249 [2] NCCL INFO Transport 0 canConnect 0
COMPUTE_REDACTED:217:249 [2] NCCL INFO Transport 1 canConnect 1
COMPUTE_REDACTED:216:251 [1] NCCL INFO Channel 00 : 1[200000] -> 0[100000] via SHM/direct/direct
COMPUTE_REDACTED:216:251 [1] NCCL INFO Rank 1 selecting transport for rank 0
COMPUTE_REDACTED:216:251 [1] NCCL INFO P2P is disabled between connected GPUs 1 and 0. You can repress this message with NCCL_IGNORE_DISABLED_P2P=1.
COMPUTE_REDACTED:216:251 [1] NCCL INFO Could not enable P2P between dev 1(=200000) and dev 0(=100000)
COMPUTE_REDACTED:216:251 [1] NCCL INFO Transport 0 canConnect 0
COMPUTE_REDACTED:216:251 [1] NCCL INFO Transport 1 canConnect 1
COMPUTE_REDACTED:217:249 [2] NCCL INFO Channel 00 : 2[300000] -> 1[200000] via SHM/direct/direct
COMPUTE_REDACTED:217:249 [2] NCCL INFO Rank 2 selecting transport for rank 1
COMPUTE_REDACTED:217:249 [2] NCCL INFO P2P is disabled between connected GPUs 2 and 1. You can repress this message with NCCL_IGNORE_DISABLED_P2P=1.
COMPUTE_REDACTED:217:249 [2] NCCL INFO Could not enable P2P between dev 2(=300000) and dev 1(=200000)
COMPUTE_REDACTED:217:249 [2] NCCL INFO Transport 0 canConnect 0
COMPUTE_REDACTED:217:249 [2] NCCL INFO Transport 1 canConnect 1
COMPUTE_REDACTED:216:251 [1] NCCL INFO Channel 01 : 1[200000] -> 0[100000] via SHM/direct/direct
COMPUTE_REDACTED:217:249 [2] NCCL INFO Channel 01 : 2[300000] -> 1[200000] via SHM/direct/direct
COMPUTE_REDACTED:215:248 [0] NCCL INFO Connected all trees
COMPUTE_REDACTED:215:248 [0] NCCL INFO threadThresholds 8/8/64 | 32/8/64 | 512 | 512
COMPUTE_REDACTED:215:248 [0] NCCL INFO 2 coll channels, 0 nvls channels, 2 p2p channels, 2 p2p channels per peer
COMPUTE_REDACTED:218:250 [3] NCCL INFO Connected all trees
COMPUTE_REDACTED:218:250 [3] NCCL INFO threadThresholds 8/8/64 | 32/8/64 | 512 | 512
COMPUTE_REDACTED:218:250 [3] NCCL INFO 2 coll channels, 0 nvls channels, 2 p2p channels, 2 p2p channels per peer
COMPUTE_REDACTED:216:251 [1] NCCL INFO Connected all trees
COMPUTE_REDACTED:216:251 [1] NCCL INFO threadThresholds 8/8/64 | 32/8/64 | 512 | 512
COMPUTE_REDACTED:216:251 [1] NCCL INFO 2 coll channels, 0 nvls channels, 2 p2p channels, 2 p2p channels per peer
COMPUTE_REDACTED:217:249 [2] NCCL INFO Connected all trees
COMPUTE_REDACTED:217:249 [2] NCCL INFO threadThresholds 8/8/64 | 32/8/64 | 512 | 512
COMPUTE_REDACTED:217:249 [2] NCCL INFO 2 coll channels, 0 nvls channels, 2 p2p channels, 2 p2p channels per peer
COMPUTE_REDACTED:215:248 [0] NCCL INFO MSCCL: No external scheduler found, using internal implementation
COMPUTE_REDACTED:216:251 [1] NCCL INFO MSCCL: No external scheduler found, using internal implementation
COMPUTE_REDACTED:218:250 [3] NCCL INFO MSCCL: No external scheduler found, using internal implementation
COMPUTE_REDACTED:217:249 [2] NCCL INFO MSCCL: No external scheduler found, using internal implementation
COMPUTE_REDACTED:215:248 [0] NCCL INFO MSCCL: Initialization finished
COMPUTE_REDACTED:216:251 [1] NCCL INFO MSCCL: Initialization finished
COMPUTE_REDACTED:217:249 [2] NCCL INFO MSCCL: Initialization finished
COMPUTE_REDACTED:218:250 [3] NCCL INFO MSCCL: Initialization finished
COMPUTE_REDACTED:217:249 [2] NCCL INFO comm 0x620fead0 rank 2 nranks 4 cudaDev 2 busId 300000 commId 0x38b358cce06131de - Init COMPLETE
COMPUTE_REDACTED:215:248 [0] NCCL INFO comm 0x57d2edb0 rank 0 nranks 4 cudaDev 0 busId 100000 commId 0x38b358cce06131de - Init COMPLETE
COMPUTE_REDACTED:218:250 [3] NCCL INFO comm 0x81074090 rank 3 nranks 4 cudaDev 3 busId 400000 commId 0x38b358cce06131de - Init COMPLETE
COMPUTE_REDACTED:216:251 [1] NCCL INFO comm 0x70ce3440 rank 1 nranks 4 cudaDev 1 busId 200000 commId 0x38b358cce06131de - Init COMPLETE
  Encoder:  85,843,200 params (trainable, lr=5.0e-06)
  Probe:    21,315,840 params (trainable, lr=1.0e-04)
  Head:     2,305 params (trainable, lr=1.0e-03)
  Train: 6000 volumes  (bs=1 × 4 GPUs × 4 accum = 16 eff)
  Val:   1000 volumes

--- Training ---
/opt/conda/envs/ptca/lib/python3.8/site-packages/torch/autograd/__init__.py:197: UserWarning: Grad strides do not match bucket view strides. This may indicate grad was not created according to the gradient layout contract, or that the param's strides changed since DDP was constructed.  This is not an error, but may impair performance.
grad.sizes() = [1, 1, 768], strides() = [49920, 768, 1]
bucket_view.sizes() = [1, 1, 768], strides() = [768, 768, 1] (Triggered internally at ../torch/csrc/distributed/c10d/reducer.cpp:325.)
  Variable._execution_engine.run_backward(  # Calls into the C++ engine to run the backward pass
/opt/conda/envs/ptca/lib/python3.8/site-packages/torch/autograd/__init__.py:197: UserWarning: Grad strides do not match bucket view strides. This may indicate grad was not created according to the gradient layout contract, or that the param's strides changed since DDP was constructed.  This is not an error, but may impair performance.
grad.sizes() = [1, 1, 768], strides() = [49920, 768, 1]
bucket_view.sizes() = [1, 1, 768], strides() = [768, 768, 1] (Triggered internally at ../torch/csrc/distributed/c10d/reducer.cpp:325.)
  Variable._execution_engine.run_backward(  # Calls into the C++ engine to run the backward pass
/opt/conda/envs/ptca/lib/python3.8/site-packages/torch/autograd/__init__.py:197: UserWarning: Grad strides do not match bucket view strides. This may indicate grad was not created according to the gradient layout contract, or that the param's strides changed since DDP was constructed.  This is not an error, but may impair performance.
grad.sizes() = [1, 1, 768], strides() = [49920, 768, 1]
bucket_view.sizes() = [1, 1, 768], strides() = [768, 768, 1] (Triggered internally at ../torch/csrc/distributed/c10d/reducer.cpp:325.)
  Variable._execution_engine.run_backward(  # Calls into the C++ engine to run the backward pass
/opt/conda/envs/ptca/lib/python3.8/site-packages/torch/autograd/__init__.py:197: UserWarning: Grad strides do not match bucket view strides. This may indicate grad was not created according to the gradient layout contract, or that the param's strides changed since DDP was constructed.  This is not an error, but may impair performance.
grad.sizes() = [1, 1, 768], strides() = [49920, 768, 1]
bucket_view.sizes() = [1, 1, 768], strides() = [768, 768, 1] (Triggered internally at ../torch/csrc/distributed/c10d/reducer.cpp:325.)
  Variable._execution_engine.run_backward(  # Calls into the C++ engine to run the backward pass
Epoch  1/25 ( 1778s) | Train: 0.7100 | Val: 0.6807 | AUC: 0.5956 | LR: 1.7e-06/3.3e-05 *
Epoch  2/25 ( 1781s) | Train: 0.6865 | Val: 0.6727 | AUC: 0.6224 | LR: 3.3e-06/6.7e-05 *
Epoch  3/25 ( 1783s) | Train: 0.6716 | Val: 0.7261 | AUC: 0.6780 | LR: 5.0e-06/1.0e-04 *
Epoch  4/25 ( 1784s) | Train: 0.6407 | Val: 0.6278 | AUC: 0.7394 | LR: 5.0e-06/9.9e-05 *
Epoch  5/25 ( 1786s) | Train: 0.6050 | Val: 0.5553 | AUC: 0.7923 | LR: 4.9e-06/9.8e-05 *
Epoch  6/25 ( 1787s) | Train: 0.5524 | Val: 0.5503 | AUC: 0.7986 | LR: 4.8e-06/9.5e-05 *
Epoch  7/25 ( 1788s) | Train: 0.5550 | Val: 0.5581 | AUC: 0.7948 | LR: 4.6e-06/9.2e-05
Epoch  8/25 ( 1788s) | Train: 0.5231 | Val: 0.5677 | AUC: 0.7953 | LR: 4.4e-06/8.8e-05
Epoch  9/25 ( 1789s) | Train: 0.5104 | Val: 0.5811 | AUC: 0.8085 | LR: 4.1e-06/8.3e-05 *
Epoch 10/25 ( 1788s) | Train: 0.4971 | Val: 0.5328 | AUC: 0.8073 | LR: 3.9e-06/7.7e-05
Epoch 11/25 ( 1787s) | Train: 0.4946 | Val: 0.5396 | AUC: 0.8126 | LR: 3.5e-06/7.1e-05 *
Epoch 12/25 ( 1772s) | Train: 0.4941 | Val: 0.5372 | AUC: 0.8101 | LR: 3.2e-06/6.4e-05
Epoch 13/25 ( 1773s) | Train: 0.4972 | Val: 0.5664 | AUC: 0.8056 | LR: 2.9e-06/5.7e-05
Epoch 14/25 ( 1782s) | Train: 0.4580 | Val: 0.5301 | AUC: 0.8103 | LR: 2.5e-06/5.0e-05
Epoch 15/25 ( 1780s) | Train: 0.4645 | Val: 0.5247 | AUC: 0.8147 | LR: 2.1e-06/4.3e-05 *
Epoch 16/25 ( 1778s) | Train: 0.4454 | Val: 0.5490 | AUC: 0.8079 | LR: 1.8e-06/3.6e-05
Epoch 17/25 ( 1777s) | Train: 0.4337 | Val: 0.5404 | AUC: 0.8018 | LR: 1.5e-06/2.9e-05
Epoch 18/25 ( 1771s) | Train: 0.4149 | Val: 0.5477 | AUC: 0.8066 | LR: 1.1e-06/2.3e-05
Epoch 19/25 ( 1768s) | Train: 0.4119 | Val: 0.5943 | AUC: 0.7996 | LR: 8.6e-07/1.7e-05
Epoch 20/25 ( 1769s) | Train: 0.4033 | Val: 0.5686 | AUC: 0.7932 | LR: 6.1e-07/1.2e-05
Early stopping at epoch 20 (patience=5)
[E ProcessGroupNCCL.cpp:821] [Rank 1] Watchdog caught collective operation timeout: WorkNCCL(SeqNum=480111, OpType=BROADCAST, Timeout(ms)=1800000) ran for 1800831 milliseconds before timing out.
[E ProcessGroupNCCL.cpp:821] [Rank 3] Watchdog caught collective operation timeout: WorkNCCL(SeqNum=480111, OpType=BROADCAST, Timeout(ms)=1800000) ran for 1800838 milliseconds before timing out.
[E ProcessGroupNCCL.cpp:821] [Rank 2] Watchdog caught collective operation timeout: WorkNCCL(SeqNum=480111, OpType=BROADCAST, Timeout(ms)=1800000) ran for 1800871 milliseconds before timing out.
[E ProcessGroupNCCL.cpp:821] [Rank 0] Watchdog caught collective operation timeout: WorkNCCL(SeqNum=480111, OpType=ALLREDUCE, Timeout(ms)=1800000) ran for 1800872 milliseconds before timing out.
COMPUTE_REDACTED:215:252 [0] NCCL INFO [Service thread] Connection closed by localRank 0

--- Test Evaluation ---
COMPUTE_REDACTED:215:237 [0] NCCL INFO MSCCL: Teardown finished
COMPUTE_REDACTED:215:237 [0] NCCL INFO comm 0x57d2edb0 rank 0 nranks 4 cudaDev 0 busId 100000 - Abort COMPLETE
[E ProcessGroupNCCL.cpp:456] Some NCCL operations have failed or timed out. Due to the asynchronous nature of CUDA kernels, subsequent GPU operations might run on corrupted/incomplete data.
[E ProcessGroupNCCL.cpp:461] To avoid data inconsistency, we are taking the entire process down.
terminate called after throwing an instance of 'std::runtime_error'
  what():  [Rank 0] Watchdog caught collective operation timeout: WorkNCCL(SeqNum=480111, OpType=ALLREDUCE, Timeout(ms)=1800000) ran for 1800872 milliseconds before timing out.
COMPUTE_REDACTED:216:255 [1] NCCL INFO [Service thread] Connection closed by localRank 1
COMPUTE_REDACTED:217:254 [2] NCCL INFO [Service thread] Connection closed by localRank 2
COMPUTE_REDACTED:218:253 [3] NCCL INFO [Service thread] Connection closed by localRank 3
COMPUTE_REDACTED:218:234 [0] NCCL INFO MSCCL: Teardown finished
COMPUTE_REDACTED:218:234 [0] NCCL INFO comm 0x81074090 rank 3 nranks 4 cudaDev 3 busId 400000 - Abort COMPLETE
Traceback (most recent call last):
  File "src/eval_downstream.py", line 1094, in <module>
    main(args)
  File "src/eval_downstream.py", line 1074, in main
    run_patch_finetune(config, device, rank, world_size)
  File "src/eval_downstream.py", line 1003, in run_patch_finetune
    dist.barrier()
  File "/opt/conda/envs/ptca/lib/python3.8/site-packages/torch/distributed/distributed_c10d.py", line 3145, in barrier
    work = default_pg.barrier(opts=opts)
RuntimeError: NCCL communicator was aborted on rank 3.  Original reason for failure was: [Rank 3] Watchdog caught collective operation timeout: WorkNCCL(SeqNum=480111, OpType=BROADCAST, Timeout(ms)=1800000) ran for 1800838 milliseconds before timing out.
COMPUTE_REDACTED:217:231 [0] NCCL INFO MSCCL: Teardown finished
COMPUTE_REDACTED:217:231 [0] NCCL INFO comm 0x620fead0 rank 2 nranks 4 cudaDev 2 busId 300000 - Abort COMPLETE
Traceback (most recent call last):
  File "src/eval_downstream.py", line 1094, in <module>
    main(args)
  File "src/eval_downstream.py", line 1074, in main
    run_patch_finetune(config, device, rank, world_size)
  File "src/eval_downstream.py", line 1003, in run_patch_finetune
    dist.barrier()
  File "/opt/conda/envs/ptca/lib/python3.8/site-packages/torch/distributed/distributed_c10d.py", line 3145, in barrier
    work = default_pg.barrier(opts=opts)
RuntimeError: NCCL communicator was aborted on rank 2.  Original reason for failure was: [Rank 2] Watchdog caught collective operation timeout: WorkNCCL(SeqNum=480111, OpType=BROADCAST, Timeout(ms)=1800000) ran for 1800871 milliseconds before timing out.
COMPUTE_REDACTED:216:228 [0] NCCL INFO MSCCL: Teardown finished
COMPUTE_REDACTED:216:228 [0] NCCL INFO comm 0x70ce3440 rank 1 nranks 4 cudaDev 1 busId 200000 - Abort COMPLETE
Traceback (most recent call last):
  File "src/eval_downstream.py", line 1094, in <module>
    main(args)
  File "src/eval_downstream.py", line 1074, in main
    run_patch_finetune(config, device, rank, world_size)
  File "src/eval_downstream.py", line 1003, in run_patch_finetune
    dist.barrier()
  File "/opt/conda/envs/ptca/lib/python3.8/site-packages/torch/distributed/distributed_c10d.py", line 3145, in barrier
    work = default_pg.barrier(opts=opts)
RuntimeError: NCCL communicator was aborted on rank 1.  Original reason for failure was: [Rank 1] Watchdog caught collective operation timeout: WorkNCCL(SeqNum=480111, OpType=BROADCAST, Timeout(ms)=1800000) ran for 1800831 milliseconds before timing out.
WARNING:torch.distributed.elastic.multiprocessing.api:Sending process 215 closing signal SIGTERM
ERROR:torch.distributed.elastic.multiprocessing.api:failed (exitcode: 1) local_rank: 1 (pid: 216) of binary: /opt/conda/envs/ptca/bin/python
Traceback (most recent call last):
  File "/opt/conda/envs/ptca/bin/torchrun", line 8, in <module>
    sys.exit(main())
  File "/opt/conda/envs/ptca/lib/python3.8/site-packages/torch/distributed/elastic/multiprocessing/errors/__init__.py", line 346, in wrapper
    return f(*args, **kwargs)
  File "/opt/conda/envs/ptca/lib/python3.8/site-packages/torch/distributed/run.py", line 762, in main
    run(args)
  File "/opt/conda/envs/ptca/lib/python3.8/site-packages/torch/distributed/run.py", line 753, in run
    elastic_launch(
  File "/opt/conda/envs/ptca/lib/python3.8/site-packages/torch/distributed/launcher/api.py", line 132, in __call__
    return launch_agent(self._config, self._entrypoint, list(args))
  File "/opt/conda/envs/ptca/lib/python3.8/site-packages/torch/distributed/launcher/api.py", line 246, in launch_agent
    raise ChildFailedError(
torch.distributed.elastic.multiprocessing.errors.ChildFailedError: 
============================================================
src/eval_downstream.py FAILED
------------------------------------------------------------
Failures:
[1]:
  time      : 2026-03-27_09:06:59
  host      : localhost
  rank      : 2 (local_rank: 2)
  exitcode  : 1 (pid: 217)
  error_file: <N/A>
  traceback : To enable traceback see: https://pytorch.org/docs/stable/elastic/errors.html
[2]:
  time      : 2026-03-27_09:06:59
  host      : localhost
  rank      : 3 (local_rank: 3)
  exitcode  : 1 (pid: 218)
  error_file: <N/A>
  traceback : To enable traceback see: https://pytorch.org/docs/stable/elastic/errors.html
------------------------------------------------------------
Root Cause (first observed failure):
[0]:
  time      : 2026-03-27_09:06:59
  host      : localhost
  rank      : 1 (local_rank: 1)
  exitcode  : 1 (pid: 216)
  error_file: <N/A>
  traceback : To enable traceback see: https://pytorch.org/docs/stable/elastic/errors.html
============================================================
