COMPUTE_REDACTED:214:248 [0] NCCL INFO Channel 01 : 0[100000] -> 1[200000] via SHM/direct/direct
COMPUTE_REDACTED:215:250 [1] NCCL INFO Rank 1 selecting transport for rank 2
COMPUTE_REDACTED:215:250 [1] NCCL INFO P2P is disabled between connected GPUs 1 and 2. You can repress this message with NCCL_IGNORE_DISABLED_P2P=1.
COMPUTE_REDACTED:217:249 [3] NCCL INFO Channel 01 : 3[400000] -> 0[100000] via SHM/direct/direct
COMPUTE_REDACTED:215:250 [1] NCCL INFO Could not enable P2P between dev 1(=200000) and dev 2(=300000)
COMPUTE_REDACTED:215:250 [1] NCCL INFO Transport 0 canConnect 0
COMPUTE_REDACTED:215:250 [1] NCCL INFO Transport 1 canConnect 1
COMPUTE_REDACTED:216:247 [2] NCCL INFO Rank 2 selecting transport for rank 3
COMPUTE_REDACTED:216:247 [2] NCCL INFO P2P is disabled between connected GPUs 2 and 3. You can repress this message with NCCL_IGNORE_DISABLED_P2P=1.
COMPUTE_REDACTED:216:247 [2] NCCL INFO Could not enable P2P between dev 2(=300000) and dev 3(=400000)
COMPUTE_REDACTED:216:247 [2] NCCL INFO Transport 0 canConnect 0
COMPUTE_REDACTED:216:247 [2] NCCL INFO Transport 1 canConnect 1
COMPUTE_REDACTED:215:250 [1] NCCL INFO Channel 00 : 1[200000] -> 2[300000] via SHM/direct/direct
COMPUTE_REDACTED:215:250 [1] NCCL INFO Rank 1 selecting transport for rank 2
COMPUTE_REDACTED:215:250 [1] NCCL INFO P2P is disabled between connected GPUs 1 and 2. You can repress this message with NCCL_IGNORE_DISABLED_P2P=1.
COMPUTE_REDACTED:215:250 [1] NCCL INFO Could not enable P2P between dev 1(=200000) and dev 2(=300000)
COMPUTE_REDACTED:215:250 [1] NCCL INFO Transport 0 canConnect 0
COMPUTE_REDACTED:215:250 [1] NCCL INFO Transport 1 canConnect 1
COMPUTE_REDACTED:216:247 [2] NCCL INFO Channel 00 : 2[300000] -> 3[400000] via SHM/direct/direct
COMPUTE_REDACTED:216:247 [2] NCCL INFO Rank 2 selecting transport for rank 3
COMPUTE_REDACTED:216:247 [2] NCCL INFO P2P is disabled between connected GPUs 2 and 3. You can repress this message with NCCL_IGNORE_DISABLED_P2P=1.
COMPUTE_REDACTED:216:247 [2] NCCL INFO Could not enable P2P between dev 2(=300000) and dev 3(=400000)
COMPUTE_REDACTED:216:247 [2] NCCL INFO Transport 0 canConnect 0
COMPUTE_REDACTED:216:247 [2] NCCL INFO Transport 1 canConnect 1
COMPUTE_REDACTED:215:250 [1] NCCL INFO Channel 01 : 1[200000] -> 2[300000] via SHM/direct/direct
COMPUTE_REDACTED:216:247 [2] NCCL INFO Channel 01 : 2[300000] -> 3[400000] via SHM/direct/direct
COMPUTE_REDACTED:215:250 [1] NCCL INFO Connected all rings
COMPUTE_REDACTED:215:250 [1] NCCL INFO Rank 1 selecting transport for rank 2
COMPUTE_REDACTED:215:250 [1] NCCL INFO P2P is disabled between connected GPUs 1 and 2. You can repress this message with NCCL_IGNORE_DISABLED_P2P=1.
COMPUTE_REDACTED:215:250 [1] NCCL INFO Could not enable P2P between dev 1(=200000) and dev 2(=300000)
COMPUTE_REDACTED:215:250 [1] NCCL INFO Transport 0 canConnect 0
COMPUTE_REDACTED:217:249 [3] NCCL INFO Connected all rings
COMPUTE_REDACTED:215:250 [1] NCCL INFO Transport 1 canConnect 1
COMPUTE_REDACTED:217:249 [3] NCCL INFO Rank 3 selecting transport for rank 2
COMPUTE_REDACTED:217:249 [3] NCCL INFO P2P is disabled between connected GPUs 3 and 2. You can repress this message with NCCL_IGNORE_DISABLED_P2P=1.
COMPUTE_REDACTED:217:249 [3] NCCL INFO Could not enable P2P between dev 3(=400000) and dev 2(=300000)
COMPUTE_REDACTED:217:249 [3] NCCL INFO Transport 0 canConnect 0
COMPUTE_REDACTED:217:249 [3] NCCL INFO Transport 1 canConnect 1
COMPUTE_REDACTED:216:247 [2] NCCL INFO Connected all rings
COMPUTE_REDACTED:216:247 [2] NCCL INFO Rank 2 selecting transport for rank 3
COMPUTE_REDACTED:216:247 [2] NCCL INFO P2P is disabled between connected GPUs 2 and 3. You can repress this message with NCCL_IGNORE_DISABLED_P2P=1.
COMPUTE_REDACTED:216:247 [2] NCCL INFO Could not enable P2P between dev 2(=300000) and dev 3(=400000)
COMPUTE_REDACTED:216:247 [2] NCCL INFO Transport 0 canConnect 0
COMPUTE_REDACTED:216:247 [2] NCCL INFO Transport 1 canConnect 1
COMPUTE_REDACTED:214:248 [0] NCCL INFO Connected all rings
COMPUTE_REDACTED:214:248 [0] NCCL INFO Rank 0 selecting transport for rank 1
COMPUTE_REDACTED:214:248 [0] NCCL INFO P2P is disabled between connected GPUs 0 and 1. You can repress this message with NCCL_IGNORE_DISABLED_P2P=1.
COMPUTE_REDACTED:214:248 [0] NCCL INFO Could not enable P2P between dev 0(=100000) and dev 1(=200000)
COMPUTE_REDACTED:214:248 [0] NCCL INFO Transport 0 canConnect 0
COMPUTE_REDACTED:214:248 [0] NCCL INFO Transport 1 canConnect 1
COMPUTE_REDACTED:217:249 [3] NCCL INFO Channel 00 : 3[400000] -> 2[300000] via SHM/direct/direct
COMPUTE_REDACTED:217:249 [3] NCCL INFO Rank 3 selecting transport for rank 2
COMPUTE_REDACTED:217:249 [3] NCCL INFO P2P is disabled between connected GPUs 3 and 2. You can repress this message with NCCL_IGNORE_DISABLED_P2P=1.
COMPUTE_REDACTED:217:249 [3] NCCL INFO Could not enable P2P between dev 3(=400000) and dev 2(=300000)
COMPUTE_REDACTED:217:249 [3] NCCL INFO Transport 0 canConnect 0
COMPUTE_REDACTED:217:249 [3] NCCL INFO Transport 1 canConnect 1
COMPUTE_REDACTED:217:249 [3] NCCL INFO Channel 01 : 3[400000] -> 2[300000] via SHM/direct/direct
COMPUTE_REDACTED:214:248 [0] NCCL INFO Rank 0 selecting transport for rank 1
COMPUTE_REDACTED:215:250 [1] NCCL INFO Rank 1 selecting transport for rank 2
COMPUTE_REDACTED:215:250 [1] NCCL INFO P2P is disabled between connected GPUs 1 and 2. You can repress this message with NCCL_IGNORE_DISABLED_P2P=1.
COMPUTE_REDACTED:216:247 [2] NCCL INFO Rank 2 selecting transport for rank 3
COMPUTE_REDACTED:214:248 [0] NCCL INFO P2P is disabled between connected GPUs 0 and 1. You can repress this message with NCCL_IGNORE_DISABLED_P2P=1.
COMPUTE_REDACTED:216:247 [2] NCCL INFO P2P is disabled between connected GPUs 2 and 3. You can repress this message with NCCL_IGNORE_DISABLED_P2P=1.
COMPUTE_REDACTED:215:250 [1] NCCL INFO Could not enable P2P between dev 1(=200000) and dev 2(=300000)
COMPUTE_REDACTED:215:250 [1] NCCL INFO Transport 0 canConnect 0
COMPUTE_REDACTED:214:248 [0] NCCL INFO Could not enable P2P between dev 0(=100000) and dev 1(=200000)
COMPUTE_REDACTED:215:250 [1] NCCL INFO Transport 1 canConnect 1
COMPUTE_REDACTED:214:248 [0] NCCL INFO Transport 0 canConnect 0
COMPUTE_REDACTED:214:248 [0] NCCL INFO Transport 1 canConnect 1
COMPUTE_REDACTED:216:247 [2] NCCL INFO Could not enable P2P between dev 2(=300000) and dev 3(=400000)
COMPUTE_REDACTED:216:247 [2] NCCL INFO Transport 0 canConnect 0
COMPUTE_REDACTED:216:247 [2] NCCL INFO Transport 1 canConnect 1
COMPUTE_REDACTED:216:247 [2] NCCL INFO Rank 2 selecting transport for rank 1
COMPUTE_REDACTED:216:247 [2] NCCL INFO P2P is disabled between connected GPUs 2 and 1. You can repress this message with NCCL_IGNORE_DISABLED_P2P=1.
COMPUTE_REDACTED:216:247 [2] NCCL INFO Could not enable P2P between dev 2(=300000) and dev 1(=200000)
COMPUTE_REDACTED:216:247 [2] NCCL INFO Transport 0 canConnect 0
COMPUTE_REDACTED:216:247 [2] NCCL INFO Transport 1 canConnect 1
COMPUTE_REDACTED:215:250 [1] NCCL INFO Rank 1 selecting transport for rank 0
COMPUTE_REDACTED:215:250 [1] NCCL INFO P2P is disabled between connected GPUs 1 and 0. You can repress this message with NCCL_IGNORE_DISABLED_P2P=1.
COMPUTE_REDACTED:215:250 [1] NCCL INFO Could not enable P2P between dev 1(=200000) and dev 0(=100000)
COMPUTE_REDACTED:215:250 [1] NCCL INFO Transport 0 canConnect 0
COMPUTE_REDACTED:215:250 [1] NCCL INFO Transport 1 canConnect 1
COMPUTE_REDACTED:216:247 [2] NCCL INFO Channel 00 : 2[300000] -> 1[200000] via SHM/direct/direct
COMPUTE_REDACTED:216:247 [2] NCCL INFO Rank 2 selecting transport for rank 1
COMPUTE_REDACTED:216:247 [2] NCCL INFO P2P is disabled between connected GPUs 2 and 1. You can repress this message with NCCL_IGNORE_DISABLED_P2P=1.
COMPUTE_REDACTED:216:247 [2] NCCL INFO Could not enable P2P between dev 2(=300000) and dev 1(=200000)
COMPUTE_REDACTED:216:247 [2] NCCL INFO Transport 0 canConnect 0
COMPUTE_REDACTED:216:247 [2] NCCL INFO Transport 1 canConnect 1
COMPUTE_REDACTED:216:247 [2] NCCL INFO Channel 01 : 2[300000] -> 1[200000] via SHM/direct/direct
COMPUTE_REDACTED:215:250 [1] NCCL INFO Channel 00 : 1[200000] -> 0[100000] via SHM/direct/direct
COMPUTE_REDACTED:215:250 [1] NCCL INFO Rank 1 selecting transport for rank 0
COMPUTE_REDACTED:215:250 [1] NCCL INFO P2P is disabled between connected GPUs 1 and 0. You can repress this message with NCCL_IGNORE_DISABLED_P2P=1.
COMPUTE_REDACTED:215:250 [1] NCCL INFO Could not enable P2P between dev 1(=200000) and dev 0(=100000)
COMPUTE_REDACTED:215:250 [1] NCCL INFO Transport 0 canConnect 0
COMPUTE_REDACTED:215:250 [1] NCCL INFO Transport 1 canConnect 1
COMPUTE_REDACTED:215:250 [1] NCCL INFO Channel 01 : 1[200000] -> 0[100000] via SHM/direct/direct
COMPUTE_REDACTED:214:248 [0] NCCL INFO Connected all trees
COMPUTE_REDACTED:214:248 [0] NCCL INFO threadThresholds 8/8/64 | 32/8/64 | 512 | 512
COMPUTE_REDACTED:214:248 [0] NCCL INFO 2 coll channels, 0 nvls channels, 2 p2p channels, 2 p2p channels per peer
COMPUTE_REDACTED:217:249 [3] NCCL INFO Connected all trees
COMPUTE_REDACTED:217:249 [3] NCCL INFO threadThresholds 8/8/64 | 32/8/64 | 512 | 512
COMPUTE_REDACTED:217:249 [3] NCCL INFO 2 coll channels, 0 nvls channels, 2 p2p channels, 2 p2p channels per peer
COMPUTE_REDACTED:216:247 [2] NCCL INFO Connected all trees
COMPUTE_REDACTED:216:247 [2] NCCL INFO threadThresholds 8/8/64 | 32/8/64 | 512 | 512
COMPUTE_REDACTED:216:247 [2] NCCL INFO 2 coll channels, 0 nvls channels, 2 p2p channels, 2 p2p channels per peer
COMPUTE_REDACTED:215:250 [1] NCCL INFO Connected all trees
COMPUTE_REDACTED:215:250 [1] NCCL INFO threadThresholds 8/8/64 | 32/8/64 | 512 | 512
COMPUTE_REDACTED:215:250 [1] NCCL INFO 2 coll channels, 0 nvls channels, 2 p2p channels, 2 p2p channels per peer
COMPUTE_REDACTED:214:248 [0] NCCL INFO MSCCL: No external scheduler found, using internal implementation
COMPUTE_REDACTED:217:249 [3] NCCL INFO MSCCL: No external scheduler found, using internal implementation
COMPUTE_REDACTED:216:247 [2] NCCL INFO MSCCL: No external scheduler found, using internal implementation
COMPUTE_REDACTED:215:250 [1] NCCL INFO MSCCL: No external scheduler found, using internal implementation
COMPUTE_REDACTED:214:248 [0] NCCL INFO MSCCL: Initialization finished
COMPUTE_REDACTED:217:249 [3] NCCL INFO MSCCL: Initialization finished
COMPUTE_REDACTED:215:250 [1] NCCL INFO MSCCL: Initialization finished
COMPUTE_REDACTED:216:247 [2] NCCL INFO MSCCL: Initialization finished
COMPUTE_REDACTED:215:250 [1] NCCL INFO comm 0x8c3a3000 rank 1 nranks 4 cudaDev 1 busId 200000 commId 0xb529804a73cfb5ac - Init COMPLETE
COMPUTE_REDACTED:217:249 [3] NCCL INFO comm 0x4f1b1a00 rank 3 nranks 4 cudaDev 3 busId 400000 commId 0xb529804a73cfb5ac - Init COMPLETE
COMPUTE_REDACTED:214:248 [0] NCCL INFO comm 0x6c3e3550 rank 0 nranks 4 cudaDev 0 busId 100000 commId 0xb529804a73cfb5ac - Init COMPLETE
COMPUTE_REDACTED:216:247 [2] NCCL INFO comm 0x50aadaa0 rank 2 nranks 4 cudaDev 2 busId 300000 commId 0xb529804a73cfb5ac - Init COMPLETE
  Encoder:  85,843,200 params (trainable, lr=5.0e-06)
  Probe:    14,227,968 params (trainable, lr=1.0e-04)
  Head:     198,657 params (trainable, lr=1.0e-03)
  Train: 6000 volumes  (bs=1 × 4 GPUs × 4 accum = 16 eff)
  Val:   1000 volumes

--- Training ---
/opt/conda/envs/ptca/lib/python3.8/site-packages/torch/autograd/__init__.py:197: UserWarning: Grad strides do not match bucket view strides. This may indicate grad was not created according to the gradient layout contract, or that the param's strides changed since DDP was constructed.  This is not an error, but may impair performance.
grad.sizes() = [1, 1, 768], strides() = [49920, 768, 1]
bucket_view.sizes() = [1, 1, 768], strides() = [768, 768, 1] (Triggered internally at ../torch/csrc/distributed/c10d/reducer.cpp:325.)
  Variable._execution_engine.run_backward(  # Calls into the C++ engine to run the backward pass
/opt/conda/envs/ptca/lib/python3.8/site-packages/torch/autograd/__init__.py:197: UserWarning: Grad strides do not match bucket view strides. This may indicate grad was not created according to the gradient layout contract, or that the param's strides changed since DDP was constructed.  This is not an error, but may impair performance.
grad.sizes() = [1, 1, 768], strides() = [49920, 768, 1]
bucket_view.sizes() = [1, 1, 768], strides() = [768, 768, 1] (Triggered internally at ../torch/csrc/distributed/c10d/reducer.cpp:325.)
  Variable._execution_engine.run_backward(  # Calls into the C++ engine to run the backward pass
/opt/conda/envs/ptca/lib/python3.8/site-packages/torch/autograd/__init__.py:197: UserWarning: Grad strides do not match bucket view strides. This may indicate grad was not created according to the gradient layout contract, or that the param's strides changed since DDP was constructed.  This is not an error, but may impair performance.
grad.sizes() = [1, 1, 768], strides() = [49920, 768, 1]
bucket_view.sizes() = [1, 1, 768], strides() = [768, 768, 1] (Triggered internally at ../torch/csrc/distributed/c10d/reducer.cpp:325.)
  Variable._execution_engine.run_backward(  # Calls into the C++ engine to run the backward pass
/opt/conda/envs/ptca/lib/python3.8/site-packages/torch/autograd/__init__.py:197: UserWarning: Grad strides do not match bucket view strides. This may indicate grad was not created according to the gradient layout contract, or that the param's strides changed since DDP was constructed.  This is not an error, but may impair performance.
grad.sizes() = [1, 1, 768], strides() = [49920, 768, 1]
bucket_view.sizes() = [1, 1, 768], strides() = [768, 768, 1] (Triggered internally at ../torch/csrc/distributed/c10d/reducer.cpp:325.)
  Variable._execution_engine.run_backward(  # Calls into the C++ engine to run the backward pass
Epoch  1/25 ( 1365s) | Train: 0.6828 | Val: 0.6422 | AUC: 0.6818 | LR: 1.7e-06/3.3e-05 *
Epoch  2/25 ( 1366s) | Train: 0.6491 | Val: 0.6251 | AUC: 0.7167 | LR: 3.3e-06/6.7e-05 *
Epoch  3/25 ( 1368s) | Train: 0.6418 | Val: 0.6120 | AUC: 0.7702 | LR: 5.0e-06/1.0e-04 *
Epoch  4/25 ( 1371s) | Train: 0.5706 | Val: 0.6258 | AUC: 0.7910 | LR: 5.0e-06/9.9e-05 *
Epoch  5/25 ( 1373s) | Train: 0.5784 | Val: 0.5536 | AUC: 0.8112 | LR: 4.9e-06/9.8e-05 *
Epoch  6/25 ( 1376s) | Train: 0.5481 | Val: 0.5275 | AUC: 0.8125 | LR: 4.8e-06/9.5e-05 *
Epoch  7/25 ( 1375s) | Train: 0.5635 | Val: 0.5215 | AUC: 0.8150 | LR: 4.6e-06/9.2e-05 *
Epoch  8/25 ( 1376s) | Train: 0.5373 | Val: 0.5154 | AUC: 0.8189 | LR: 4.4e-06/8.8e-05 *
Epoch  9/25 ( 1377s) | Train: 0.5114 | Val: 0.5858 | AUC: 0.8188 | LR: 4.1e-06/8.3e-05
Epoch 10/25 ( 1376s) | Train: 0.5061 | Val: 0.5091 | AUC: 0.8241 | LR: 3.9e-06/7.7e-05 *
Epoch 11/25 ( 1377s) | Train: 0.5044 | Val: 0.5404 | AUC: 0.8286 | LR: 3.5e-06/7.1e-05 *
Epoch 12/25 ( 1377s) | Train: 0.5126 | Val: 0.5116 | AUC: 0.8250 | LR: 3.2e-06/6.4e-05
Epoch 13/25 ( 1377s) | Train: 0.5051 | Val: 0.5005 | AUC: 0.8278 | LR: 2.9e-06/5.7e-05
Epoch 14/25 ( 1377s) | Train: 0.4670 | Val: 0.4970 | AUC: 0.8322 | LR: 2.5e-06/5.0e-05 *
Epoch 15/25 ( 1377s) | Train: 0.4780 | Val: 0.5204 | AUC: 0.8287 | LR: 2.1e-06/4.3e-05
Epoch 16/25 ( 1377s) | Train: 0.4739 | Val: 0.5078 | AUC: 0.8324 | LR: 1.8e-06/3.6e-05 *
Epoch 17/25 ( 1377s) | Train: 0.4560 | Val: 0.5055 | AUC: 0.8258 | LR: 1.5e-06/2.9e-05
Epoch 18/25 ( 1378s) | Train: 0.4458 | Val: 0.5088 | AUC: 0.8280 | LR: 1.1e-06/2.3e-05
Epoch 19/25 ( 1377s) | Train: 0.4362 | Val: 0.5265 | AUC: 0.8284 | LR: 8.6e-07/1.7e-05
Epoch 20/25 ( 1376s) | Train: 0.4354 | Val: 0.5168 | AUC: 0.8271 | LR: 6.1e-07/1.2e-05
Epoch 21/25 ( 1376s) | Train: 0.4157 | Val: 0.5533 | AUC: 0.8249 | LR: 4.0e-07/7.9e-06
Early stopping at epoch 21 (patience=5)

--- Test Evaluation ---
COMPUTE_REDACTED:217:254 [3] NCCL INFO [Service thread] Connection closed by localRank 3
COMPUTE_REDACTED:216:253 [2] NCCL INFO [Service thread] Connection closed by localRank 2
COMPUTE_REDACTED:215:251 [1] NCCL INFO [Service thread] Connection closed by localRank 1
COMPUTE_REDACTED:217:217 [3] NCCL INFO MSCCL: Teardown finished
COMPUTE_REDACTED:217:217 [3] NCCL INFO comm 0x4f1b1a00 rank 3 nranks 4 cudaDev 3 busId 400000 - Abort COMPLETE
COMPUTE_REDACTED:215:215 [1] NCCL INFO MSCCL: Teardown finished
COMPUTE_REDACTED:215:215 [1] NCCL INFO comm 0x8c3a3000 rank 1 nranks 4 cudaDev 1 busId 200000 - Abort COMPLETE
COMPUTE_REDACTED:216:216 [2] NCCL INFO MSCCL: Teardown finished
COMPUTE_REDACTED:216:216 [2] NCCL INFO comm 0x50aadaa0 rank 2 nranks 4 cudaDev 2 busId 300000 - Abort COMPLETE
Best epoch: 16  |  Val AUC: 0.8324  |  TEST AUC: 0.8289

Results saved to /tmp/ijepa_outputs/downstream_patch_s64_ep25_bs1_mlp_20260407_144520
  best_val_auc = 0.8324
  test_auc     = 0.8289
  (SLIViT baseline: 0.869, frozen probe: 0.733)
COMPUTE_REDACTED:214:252 [0] NCCL INFO [Service thread] Connection closed by localRank 0
COMPUTE_REDACTED:214:214 [0] NCCL INFO MSCCL: Teardown finished
COMPUTE_REDACTED:214:214 [0] NCCL INFO comm 0x6c3e3550 rank 0 nranks 4 cudaDev 0 busId 100000 - Abort COMPLETE
